100 30 25 100
time averageBrightness force event